
===========================================================================
report_checks -unconstrained
===========================================================================
======================= Fastest Corner ===================================

Startpoint: s_axi_aresetn (input port clocked by s_axi_aclk)
Endpoint: _11014_ (recovery check against rising-edge clock s_axi_aclk)
Path Group: asynchronous
Path Type: max
Corner: Fastest

Fanout     Cap    Slew   Delay    Time   Description
-----------------------------------------------------------------------------
                          0.00    0.00   clock s_axi_aclk (rise edge)
                          0.00    0.00   clock network delay (propagated)
                          2.00    2.00 ^ input external delay
                  0.01    0.01    2.01 ^ s_axi_aresetn (in)
     1    0.00                           s_axi_aresetn (net)
                  0.01    0.00    2.01 ^ hold15/A (sky130_fd_sc_hd__dlygate4sd3_1)
                  0.04    0.39    2.40 ^ hold15/X (sky130_fd_sc_hd__dlygate4sd3_1)
     1    0.00                           net653 (net)
                  0.04    0.00    2.40 ^ input187/A (sky130_fd_sc_hd__clkbuf_4)
                  0.14    0.17    2.57 ^ input187/X (sky130_fd_sc_hd__clkbuf_4)
     3    0.06                           net187 (net)
                  0.14    0.01    2.58 ^ fanout481/A (sky130_fd_sc_hd__clkbuf_4)
                  0.15    0.21    2.79 ^ fanout481/X (sky130_fd_sc_hd__clkbuf_4)
     6    0.06                           net481 (net)
                  0.15    0.01    2.79 ^ fanout475/A (sky130_fd_sc_hd__buf_2)
                  0.17    0.20    2.99 ^ fanout475/X (sky130_fd_sc_hd__buf_2)
     5    0.05                           net475 (net)
                  0.17    0.00    2.99 ^ fanout472/A (sky130_fd_sc_hd__clkbuf_4)
                  0.12    0.19    3.19 ^ fanout472/X (sky130_fd_sc_hd__clkbuf_4)
     8    0.05                           net472 (net)
                  0.12    0.00    3.19 ^ fanout471/A (sky130_fd_sc_hd__clkbuf_4)
                  0.12    0.18    3.37 ^ fanout471/X (sky130_fd_sc_hd__clkbuf_4)
    10    0.05                           net471 (net)
                  0.12    0.00    3.37 ^ fanout470/A (sky130_fd_sc_hd__clkbuf_4)
                  0.12    0.18    3.55 ^ fanout470/X (sky130_fd_sc_hd__clkbuf_4)
    10    0.05                           net470 (net)
                  0.12    0.00    3.55 ^ _11014_/RESET_B (sky130_fd_sc_hd__dfrtp_1)
                                  3.55   data arrival time

                         10.00   10.00   clock s_axi_aclk (rise edge)
                          0.00   10.00   clock source latency
                  0.24    0.16   10.16 ^ s_axi_aclk (in)
     2    0.07                           s_axi_aclk (net)
                  0.24    0.00   10.16 ^ clkbuf_0_s_axi_aclk/A (sky130_fd_sc_hd__clkbuf_16)
                  0.13    0.19   10.35 ^ clkbuf_0_s_axi_aclk/X (sky130_fd_sc_hd__clkbuf_16)
    10    0.15                           clknet_0_s_axi_aclk (net)
                  0.13    0.00   10.35 ^ clkbuf_3_5_0_s_axi_aclk/A (sky130_fd_sc_hd__clkbuf_8)
                  0.06    0.12   10.47 ^ clkbuf_3_5_0_s_axi_aclk/X (sky130_fd_sc_hd__clkbuf_8)
     2    0.04                           clknet_3_5_0_s_axi_aclk (net)
                  0.06    0.00   10.48 ^ clkbuf_4_10__f_s_axi_aclk/A (sky130_fd_sc_hd__clkbuf_16)
                  0.11    0.15   10.62 ^ clkbuf_4_10__f_s_axi_aclk/X (sky130_fd_sc_hd__clkbuf_16)
    10    0.13                           clknet_4_10__leaf_s_axi_aclk (net)
                  0.11    0.00   10.62 ^ clkbuf_leaf_46_s_axi_aclk/A (sky130_fd_sc_hd__clkbuf_16)
                  0.03    0.10   10.72 ^ clkbuf_leaf_46_s_axi_aclk/X (sky130_fd_sc_hd__clkbuf_16)
     3    0.01                           clknet_leaf_46_s_axi_aclk (net)
                  0.03    0.00   10.72 ^ _11014_/CLK (sky130_fd_sc_hd__dfrtp_1)
                         -0.25   10.47   clock uncertainty
                          0.00   10.47   clock reconvergence pessimism
                          0.13   10.60   library recovery time
                                 10.60   data required time
-----------------------------------------------------------------------------
                                 10.60   data required time
                                 -3.55   data arrival time
-----------------------------------------------------------------------------
                                  7.04   slack (MET)


Startpoint: s_axi_aresetn (input port clocked by s_axi_aclk)
Endpoint: _12009_ (rising edge-triggered flip-flop clocked by s_axi_aclk)
Path Group: s_axi_aclk
Path Type: max
Corner: Fastest

Fanout     Cap    Slew   Delay    Time   Description
-----------------------------------------------------------------------------
                          0.00    0.00   clock s_axi_aclk (rise edge)
                          0.00    0.00   clock network delay (propagated)
                          2.00    2.00 ^ input external delay
                  0.01    0.01    2.01 ^ s_axi_aresetn (in)
     1    0.00                           s_axi_aresetn (net)
                  0.01    0.00    2.01 ^ hold15/A (sky130_fd_sc_hd__dlygate4sd3_1)
                  0.04    0.39    2.40 ^ hold15/X (sky130_fd_sc_hd__dlygate4sd3_1)
     1    0.00                           net653 (net)
                  0.04    0.00    2.40 ^ input187/A (sky130_fd_sc_hd__clkbuf_4)
                  0.14    0.17    2.57 ^ input187/X (sky130_fd_sc_hd__clkbuf_4)
     3    0.06                           net187 (net)
                  0.14    0.01    2.58 ^ fanout469/A (sky130_fd_sc_hd__clkbuf_4)
                  0.16    0.21    2.79 ^ fanout469/X (sky130_fd_sc_hd__clkbuf_4)
     5    0.07                           net469 (net)
                  0.16    0.00    2.79 ^ fanout468/A (sky130_fd_sc_hd__buf_4)
                  0.17    0.20    2.99 ^ fanout468/X (sky130_fd_sc_hd__buf_4)
     9    0.08                           net468 (net)
                  0.17    0.00    2.99 ^ fanout467/A (sky130_fd_sc_hd__buf_4)
                  0.12    0.17    3.16 ^ fanout467/X (sky130_fd_sc_hd__buf_4)
    10    0.06                           net467 (net)
                  0.12    0.00    3.16 ^ _05417_/A (sky130_fd_sc_hd__inv_2)
                  0.03    0.02    3.18 v _05417_/Y (sky130_fd_sc_hd__inv_2)
     2    0.00                           _02224_ (net)
                  0.03    0.00    3.18 v _07756_/A (sky130_fd_sc_hd__or3_1)
                  0.07    0.26    3.45 v _07756_/X (sky130_fd_sc_hd__or3_1)
     4    0.01                           _03572_ (net)
                  0.07    0.00    3.45 v _08099_/B (sky130_fd_sc_hd__or2_1)
                  0.04    0.15    3.59 v _08099_/X (sky130_fd_sc_hd__or2_1)
     1    0.00                           _03708_ (net)
                  0.04    0.00    3.59 v _08100_/A (sky130_fd_sc_hd__clkbuf_8)
                  0.08    0.15    3.75 v _08100_/X (sky130_fd_sc_hd__clkbuf_8)
     7    0.10                           _03709_ (net)
                  0.08    0.00    3.75 v _08103_/B (sky130_fd_sc_hd__nor2_8)
                  0.26    0.23    3.98 ^ _08103_/Y (sky130_fd_sc_hd__nor2_8)
    10    0.09                           _03712_ (net)
                  0.26    0.01    3.99 ^ _08115_/A (sky130_fd_sc_hd__clkbuf_4)
                  0.11    0.20    4.19 ^ _08115_/X (sky130_fd_sc_hd__clkbuf_4)
    10    0.04                           _03715_ (net)
                  0.11    0.00    4.19 ^ _08116_/B1 (sky130_fd_sc_hd__a22o_1)
                  0.03    0.08    4.27 ^ _08116_/X (sky130_fd_sc_hd__a22o_1)
     1    0.00                           _01168_ (net)
                  0.03    0.00    4.27 ^ hold500/A (sky130_fd_sc_hd__dlygate4sd3_1)
                  0.04    0.39    4.66 ^ hold500/X (sky130_fd_sc_hd__dlygate4sd3_1)
     1    0.00                           net1138 (net)
                  0.04    0.00    4.66 ^ _12009_/D (sky130_fd_sc_hd__dfxtp_1)
                                  4.66   data arrival time

                         10.00   10.00   clock s_axi_aclk (rise edge)
                          0.00   10.00   clock source latency
                  0.24    0.16   10.16 ^ s_axi_aclk (in)
     2    0.07                           s_axi_aclk (net)
                  0.24    0.00   10.16 ^ clkbuf_0_s_axi_aclk/A (sky130_fd_sc_hd__clkbuf_16)
                  0.13    0.19   10.35 ^ clkbuf_0_s_axi_aclk/X (sky130_fd_sc_hd__clkbuf_16)
    10    0.15                           clknet_0_s_axi_aclk (net)
                  0.13    0.00   10.35 ^ clkbuf_3_6_0_s_axi_aclk/A (sky130_fd_sc_hd__clkbuf_8)
                  0.06    0.12   10.47 ^ clkbuf_3_6_0_s_axi_aclk/X (sky130_fd_sc_hd__clkbuf_8)
     2    0.03                           clknet_3_6_0_s_axi_aclk (net)
                  0.06    0.00   10.47 ^ clkbuf_4_13__f_s_axi_aclk/A (sky130_fd_sc_hd__clkbuf_16)
                  0.12    0.15   10.63 ^ clkbuf_4_13__f_s_axi_aclk/X (sky130_fd_sc_hd__clkbuf_16)
    10    0.15                           clknet_4_13__leaf_s_axi_aclk (net)
                  0.12    0.00   10.63 ^ clkbuf_leaf_78_s_axi_aclk/A (sky130_fd_sc_hd__clkbuf_16)
                  0.03    0.10   10.73 ^ clkbuf_leaf_78_s_axi_aclk/X (sky130_fd_sc_hd__clkbuf_16)
     5    0.02                           clknet_leaf_78_s_axi_aclk (net)
                  0.03    0.00   10.73 ^ _12009_/CLK (sky130_fd_sc_hd__dfxtp_1)
                         -0.25   10.48   clock uncertainty
                          0.00   10.48   clock reconvergence pessimism
                         -0.03   10.45   library setup time
                                 10.45   data required time
-----------------------------------------------------------------------------
                                 10.45   data required time
                                 -4.66   data arrival time
-----------------------------------------------------------------------------
                                  5.79   slack (MET)



======================= Slowest Corner ===================================

Startpoint: s_axi_aresetn (input port clocked by s_axi_aclk)
Endpoint: _11014_ (recovery check against rising-edge clock s_axi_aclk)
Path Group: asynchronous
Path Type: max
Corner: Slowest

Fanout     Cap    Slew   Delay    Time   Description
-----------------------------------------------------------------------------
                          0.00    0.00   clock s_axi_aclk (rise edge)
                          0.00    0.00   clock network delay (propagated)
                          2.00    2.00 ^ input external delay
                  0.03    0.02    2.02 ^ s_axi_aresetn (in)
     1    0.00                           s_axi_aresetn (net)
                  0.03    0.00    2.02 ^ hold15/A (sky130_fd_sc_hd__dlygate4sd3_1)
                  0.10    1.08    3.10 ^ hold15/X (sky130_fd_sc_hd__dlygate4sd3_1)
     1    0.00                           net653 (net)
                  0.10    0.00    3.10 ^ input187/A (sky130_fd_sc_hd__clkbuf_4)
                  0.30    0.45    3.55 ^ input187/X (sky130_fd_sc_hd__clkbuf_4)
     3    0.06                           net187 (net)
                  0.30    0.01    3.55 ^ fanout481/A (sky130_fd_sc_hd__clkbuf_4)
                  0.31    0.55    4.10 ^ fanout481/X (sky130_fd_sc_hd__clkbuf_4)
     6    0.06                           net481 (net)
                  0.31    0.01    4.11 ^ fanout475/A (sky130_fd_sc_hd__buf_2)
                  0.35    0.53    4.64 ^ fanout475/X (sky130_fd_sc_hd__buf_2)
     5    0.04                           net475 (net)
                  0.35    0.00    4.64 ^ fanout472/A (sky130_fd_sc_hd__clkbuf_4)
                  0.24    0.52    5.16 ^ fanout472/X (sky130_fd_sc_hd__clkbuf_4)
     8    0.05                           net472 (net)
                  0.24    0.00    5.16 ^ fanout471/A (sky130_fd_sc_hd__clkbuf_4)
                  0.23    0.47    5.63 ^ fanout471/X (sky130_fd_sc_hd__clkbuf_4)
    10    0.05                           net471 (net)
                  0.23    0.00    5.63 ^ fanout470/A (sky130_fd_sc_hd__clkbuf_4)
                  0.24    0.47    6.10 ^ fanout470/X (sky130_fd_sc_hd__clkbuf_4)
    10    0.05                           net470 (net)
                  0.24    0.00    6.10 ^ _11014_/RESET_B (sky130_fd_sc_hd__dfrtp_1)
                                  6.10   data arrival time

                         10.00   10.00   clock s_axi_aclk (rise edge)
                          0.00   10.00   clock source latency
                  0.51    0.34   10.34 ^ s_axi_aclk (in)
     2    0.07                           s_axi_aclk (net)
                  0.51    0.00   10.34 ^ clkbuf_0_s_axi_aclk/A (sky130_fd_sc_hd__clkbuf_16)
                  0.25    0.53   10.87 ^ clkbuf_0_s_axi_aclk/X (sky130_fd_sc_hd__clkbuf_16)
    10    0.15                           clknet_0_s_axi_aclk (net)
                  0.25    0.00   10.87 ^ clkbuf_3_5_0_s_axi_aclk/A (sky130_fd_sc_hd__clkbuf_8)
                  0.12    0.33   11.21 ^ clkbuf_3_5_0_s_axi_aclk/X (sky130_fd_sc_hd__clkbuf_8)
     2    0.04                           clknet_3_5_0_s_axi_aclk (net)
                  0.12    0.00   11.21 ^ clkbuf_4_10__f_s_axi_aclk/A (sky130_fd_sc_hd__clkbuf_16)
                  0.22    0.35   11.56 ^ clkbuf_4_10__f_s_axi_aclk/X (sky130_fd_sc_hd__clkbuf_16)
    10    0.13                           clknet_4_10__leaf_s_axi_aclk (net)
                  0.22    0.00   11.56 ^ clkbuf_leaf_46_s_axi_aclk/A (sky130_fd_sc_hd__clkbuf_16)
                  0.06    0.26   11.83 ^ clkbuf_leaf_46_s_axi_aclk/X (sky130_fd_sc_hd__clkbuf_16)
     3    0.01                           clknet_leaf_46_s_axi_aclk (net)
                  0.06    0.00   11.83 ^ _11014_/CLK (sky130_fd_sc_hd__dfrtp_1)
                         -0.25   11.58   clock uncertainty
                          0.00   11.58   clock reconvergence pessimism
                          0.40   11.97   library recovery time
                                 11.97   data required time
-----------------------------------------------------------------------------
                                 11.97   data required time
                                 -6.10   data arrival time
-----------------------------------------------------------------------------
                                  5.88   slack (MET)


Startpoint: s_axi_aresetn (input port clocked by s_axi_aclk)
Endpoint: _12009_ (rising edge-triggered flip-flop clocked by s_axi_aclk)
Path Group: s_axi_aclk
Path Type: max
Corner: Slowest

Fanout     Cap    Slew   Delay    Time   Description
-----------------------------------------------------------------------------
                          0.00    0.00   clock s_axi_aclk (rise edge)
                          0.00    0.00   clock network delay (propagated)
                          2.00    2.00 ^ input external delay
                  0.03    0.02    2.02 ^ s_axi_aresetn (in)
     1    0.00                           s_axi_aresetn (net)
                  0.03    0.00    2.02 ^ hold15/A (sky130_fd_sc_hd__dlygate4sd3_1)
                  0.10    1.08    3.10 ^ hold15/X (sky130_fd_sc_hd__dlygate4sd3_1)
     1    0.00                           net653 (net)
                  0.10    0.00    3.10 ^ input187/A (sky130_fd_sc_hd__clkbuf_4)
                  0.30    0.45    3.55 ^ input187/X (sky130_fd_sc_hd__clkbuf_4)
     3    0.06                           net187 (net)
                  0.30    0.01    3.56 ^ fanout469/A (sky130_fd_sc_hd__clkbuf_4)
                  0.32    0.56    4.11 ^ fanout469/X (sky130_fd_sc_hd__clkbuf_4)
     5    0.07                           net469 (net)
                  0.32    0.00    4.11 ^ fanout468/A (sky130_fd_sc_hd__buf_4)
                  0.35    0.54    4.66 ^ fanout468/X (sky130_fd_sc_hd__buf_4)
     9    0.08                           net468 (net)
                  0.35    0.00    4.66 ^ fanout467/A (sky130_fd_sc_hd__buf_4)
                  0.25    0.48    5.14 ^ fanout467/X (sky130_fd_sc_hd__buf_4)
    10    0.05                           net467 (net)
                  0.25    0.00    5.14 ^ _05417_/A (sky130_fd_sc_hd__inv_2)
                  0.06    0.12    5.27 v _05417_/Y (sky130_fd_sc_hd__inv_2)
     2    0.00                           _02224_ (net)
                  0.06    0.00    5.27 v _07756_/A (sky130_fd_sc_hd__or3_1)
                  0.22    1.01    6.27 v _07756_/X (sky130_fd_sc_hd__or3_1)
     4    0.01                           _03572_ (net)
                  0.22    0.00    6.27 v _08099_/B (sky130_fd_sc_hd__or2_1)
                  0.11    0.56    6.84 v _08099_/X (sky130_fd_sc_hd__or2_1)
     1    0.00                           _03708_ (net)
                  0.11    0.00    6.84 v _08100_/A (sky130_fd_sc_hd__clkbuf_8)
                  0.20    0.41    7.24 v _08100_/X (sky130_fd_sc_hd__clkbuf_8)
     7    0.10                           _03709_ (net)
                  0.20    0.00    7.25 v _08101_/A (sky130_fd_sc_hd__buf_4)
                  0.20    0.47    7.72 v _08101_/X (sky130_fd_sc_hd__buf_4)
    10    0.08                           _03710_ (net)
                  0.20    0.00    7.72 v _08114_/A (sky130_fd_sc_hd__clkbuf_4)
                  0.16    0.43    8.15 v _08114_/X (sky130_fd_sc_hd__clkbuf_4)
    10    0.04                           _03714_ (net)
                  0.16    0.00    8.15 v _08116_/A2 (sky130_fd_sc_hd__a22o_1)
                  0.07    0.47    8.62 v _08116_/X (sky130_fd_sc_hd__a22o_1)
     1    0.00                           _01168_ (net)
                  0.07    0.00    8.62 v hold500/A (sky130_fd_sc_hd__dlygate4sd3_1)
                  0.11    1.18    9.80 v hold500/X (sky130_fd_sc_hd__dlygate4sd3_1)
     1    0.00                           net1138 (net)
                  0.11    0.00    9.80 v _12009_/D (sky130_fd_sc_hd__dfxtp_1)
                                  9.80   data arrival time

                         10.00   10.00   clock s_axi_aclk (rise edge)
                          0.00   10.00   clock source latency
                  0.51    0.34   10.34 ^ s_axi_aclk (in)
     2    0.07                           s_axi_aclk (net)
                  0.51    0.00   10.34 ^ clkbuf_0_s_axi_aclk/A (sky130_fd_sc_hd__clkbuf_16)
                  0.25    0.53   10.87 ^ clkbuf_0_s_axi_aclk/X (sky130_fd_sc_hd__clkbuf_16)
    10    0.15                           clknet_0_s_axi_aclk (net)
                  0.25    0.00   10.87 ^ clkbuf_3_6_0_s_axi_aclk/A (sky130_fd_sc_hd__clkbuf_8)
                  0.12    0.33   11.20 ^ clkbuf_3_6_0_s_axi_aclk/X (sky130_fd_sc_hd__clkbuf_8)
     2    0.03                           clknet_3_6_0_s_axi_aclk (net)
                  0.12    0.00   11.21 ^ clkbuf_4_13__f_s_axi_aclk/A (sky130_fd_sc_hd__clkbuf_16)
                  0.24    0.37   11.57 ^ clkbuf_4_13__f_s_axi_aclk/X (sky130_fd_sc_hd__clkbuf_16)
    10    0.15                           clknet_4_13__leaf_s_axi_aclk (net)
                  0.24    0.00   11.57 ^ clkbuf_leaf_78_s_axi_aclk/A (sky130_fd_sc_hd__clkbuf_16)
                  0.06    0.28   11.85 ^ clkbuf_leaf_78_s_axi_aclk/X (sky130_fd_sc_hd__clkbuf_16)
     5    0.02                           clknet_leaf_78_s_axi_aclk (net)
                  0.06    0.00   11.85 ^ _12009_/CLK (sky130_fd_sc_hd__dfxtp_1)
                         -0.25   11.60   clock uncertainty
                          0.00   11.60   clock reconvergence pessimism
                         -0.29   11.32   library setup time
                                 11.32   data required time
-----------------------------------------------------------------------------
                                 11.32   data required time
                                 -9.80   data arrival time
-----------------------------------------------------------------------------
                                  1.52   slack (MET)



======================= Typical Corner ===================================

Startpoint: s_axi_aresetn (input port clocked by s_axi_aclk)
Endpoint: _11014_ (recovery check against rising-edge clock s_axi_aclk)
Path Group: asynchronous
Path Type: max
Corner: Typical

Fanout     Cap    Slew   Delay    Time   Description
-----------------------------------------------------------------------------
                          0.00    0.00   clock s_axi_aclk (rise edge)
                          0.00    0.00   clock network delay (propagated)
                          2.00    2.00 ^ input external delay
                  0.02    0.01    2.01 ^ s_axi_aresetn (in)
     1    0.00                           s_axi_aresetn (net)
                  0.02    0.00    2.01 ^ hold15/A (sky130_fd_sc_hd__dlygate4sd3_1)
                  0.06    0.56    2.57 ^ hold15/X (sky130_fd_sc_hd__dlygate4sd3_1)
     1    0.00                           net653 (net)
                  0.06    0.00    2.57 ^ input187/A (sky130_fd_sc_hd__clkbuf_4)
                  0.19    0.25    2.82 ^ input187/X (sky130_fd_sc_hd__clkbuf_4)
     3    0.06                           net187 (net)
                  0.19    0.01    2.83 ^ fanout481/A (sky130_fd_sc_hd__clkbuf_4)
                  0.20    0.31    3.14 ^ fanout481/X (sky130_fd_sc_hd__clkbuf_4)
     6    0.06                           net481 (net)
                  0.20    0.01    3.14 ^ fanout475/A (sky130_fd_sc_hd__buf_2)
                  0.22    0.30    3.44 ^ fanout475/X (sky130_fd_sc_hd__buf_2)
     5    0.05                           net475 (net)
                  0.22    0.00    3.44 ^ fanout472/A (sky130_fd_sc_hd__clkbuf_4)
                  0.16    0.30    3.74 ^ fanout472/X (sky130_fd_sc_hd__clkbuf_4)
     8    0.05                           net472 (net)
                  0.16    0.00    3.74 ^ fanout471/A (sky130_fd_sc_hd__clkbuf_4)
                  0.16    0.27    4.01 ^ fanout471/X (sky130_fd_sc_hd__clkbuf_4)
    10    0.05                           net471 (net)
                  0.16    0.00    4.01 ^ fanout470/A (sky130_fd_sc_hd__clkbuf_4)
                  0.16    0.27    4.28 ^ fanout470/X (sky130_fd_sc_hd__clkbuf_4)
    10    0.05                           net470 (net)
                  0.16    0.00    4.28 ^ _11014_/RESET_B (sky130_fd_sc_hd__dfrtp_1)
                                  4.28   data arrival time

                         10.00   10.00   clock s_axi_aclk (rise edge)
                          0.00   10.00   clock source latency
                  0.32    0.22   10.22 ^ s_axi_aclk (in)
     2    0.07                           s_axi_aclk (net)
                  0.33    0.00   10.22 ^ clkbuf_0_s_axi_aclk/A (sky130_fd_sc_hd__clkbuf_16)
                  0.16    0.29   10.51 ^ clkbuf_0_s_axi_aclk/X (sky130_fd_sc_hd__clkbuf_16)
    10    0.15                           clknet_0_s_axi_aclk (net)
                  0.16    0.00   10.51 ^ clkbuf_3_5_0_s_axi_aclk/A (sky130_fd_sc_hd__clkbuf_8)
                  0.08    0.18   10.69 ^ clkbuf_3_5_0_s_axi_aclk/X (sky130_fd_sc_hd__clkbuf_8)
     2    0.04                           clknet_3_5_0_s_axi_aclk (net)
                  0.08    0.00   10.69 ^ clkbuf_4_10__f_s_axi_aclk/A (sky130_fd_sc_hd__clkbuf_16)
                  0.14    0.21   10.90 ^ clkbuf_4_10__f_s_axi_aclk/X (sky130_fd_sc_hd__clkbuf_16)
    10    0.13                           clknet_4_10__leaf_s_axi_aclk (net)
                  0.14    0.00   10.90 ^ clkbuf_leaf_46_s_axi_aclk/A (sky130_fd_sc_hd__clkbuf_16)
                  0.03    0.14   11.05 ^ clkbuf_leaf_46_s_axi_aclk/X (sky130_fd_sc_hd__clkbuf_16)
     3    0.01                           clknet_leaf_46_s_axi_aclk (net)
                  0.03    0.00   11.05 ^ _11014_/CLK (sky130_fd_sc_hd__dfrtp_1)
                         -0.25   10.80   clock uncertainty
                          0.00   10.80   clock reconvergence pessimism
                          0.20   10.99   library recovery time
                                 10.99   data required time
-----------------------------------------------------------------------------
                                 10.99   data required time
                                 -4.28   data arrival time
-----------------------------------------------------------------------------
                                  6.71   slack (MET)


Startpoint: s_axi_aresetn (input port clocked by s_axi_aclk)
Endpoint: _12009_ (rising edge-triggered flip-flop clocked by s_axi_aclk)
Path Group: s_axi_aclk
Path Type: max
Corner: Typical

Fanout     Cap    Slew   Delay    Time   Description
-----------------------------------------------------------------------------
                          0.00    0.00   clock s_axi_aclk (rise edge)
                          0.00    0.00   clock network delay (propagated)
                          2.00    2.00 ^ input external delay
                  0.02    0.01    2.01 ^ s_axi_aresetn (in)
     1    0.00                           s_axi_aresetn (net)
                  0.02    0.00    2.01 ^ hold15/A (sky130_fd_sc_hd__dlygate4sd3_1)
                  0.06    0.56    2.57 ^ hold15/X (sky130_fd_sc_hd__dlygate4sd3_1)
     1    0.00                           net653 (net)
                  0.06    0.00    2.57 ^ input187/A (sky130_fd_sc_hd__clkbuf_4)
                  0.19    0.25    2.82 ^ input187/X (sky130_fd_sc_hd__clkbuf_4)
     3    0.06                           net187 (net)
                  0.19    0.01    2.83 ^ fanout469/A (sky130_fd_sc_hd__clkbuf_4)
                  0.20    0.31    3.14 ^ fanout469/X (sky130_fd_sc_hd__clkbuf_4)
     5    0.07                           net469 (net)
                  0.20    0.00    3.14 ^ fanout468/A (sky130_fd_sc_hd__buf_4)
                  0.22    0.30    3.44 ^ fanout468/X (sky130_fd_sc_hd__buf_4)
     9    0.08                           net468 (net)
                  0.22    0.00    3.45 ^ fanout467/A (sky130_fd_sc_hd__buf_4)
                  0.16    0.27    3.71 ^ fanout467/X (sky130_fd_sc_hd__buf_4)
    10    0.06                           net467 (net)
                  0.16    0.00    3.72 ^ _05417_/A (sky130_fd_sc_hd__inv_2)
                  0.04    0.05    3.76 v _05417_/Y (sky130_fd_sc_hd__inv_2)
     2    0.00                           _02224_ (net)
                  0.04    0.00    3.76 v _07756_/A (sky130_fd_sc_hd__or3_1)
                  0.11    0.44    4.21 v _07756_/X (sky130_fd_sc_hd__or3_1)
     4    0.01                           _03572_ (net)
                  0.11    0.00    4.21 v _08099_/B (sky130_fd_sc_hd__or2_1)
                  0.05    0.25    4.45 v _08099_/X (sky130_fd_sc_hd__or2_1)
     1    0.00                           _03708_ (net)
                  0.05    0.00    4.45 v _08100_/A (sky130_fd_sc_hd__clkbuf_8)
                  0.11    0.23    4.68 v _08100_/X (sky130_fd_sc_hd__clkbuf_8)
     7    0.10                           _03709_ (net)
                  0.11    0.00    4.68 v _08101_/A (sky130_fd_sc_hd__buf_4)
                  0.11    0.26    4.94 v _08101_/X (sky130_fd_sc_hd__buf_4)
    10    0.08                           _03710_ (net)
                  0.11    0.00    4.94 v _08114_/A (sky130_fd_sc_hd__clkbuf_4)
                  0.09    0.23    5.18 v _08114_/X (sky130_fd_sc_hd__clkbuf_4)
    10    0.04                           _03714_ (net)
                  0.09    0.00    5.18 v _08116_/A2 (sky130_fd_sc_hd__a22o_1)
                  0.04    0.25    5.43 v _08116_/X (sky130_fd_sc_hd__a22o_1)
     1    0.00                           _01168_ (net)
                  0.04    0.00    5.43 v hold500/A (sky130_fd_sc_hd__dlygate4sd3_1)
                  0.05    0.57    6.00 v hold500/X (sky130_fd_sc_hd__dlygate4sd3_1)
     1    0.00                           net1138 (net)
                  0.05    0.00    6.00 v _12009_/D (sky130_fd_sc_hd__dfxtp_1)
                                  6.00   data arrival time

                         10.00   10.00   clock s_axi_aclk (rise edge)
                          0.00   10.00   clock source latency
                  0.32    0.22   10.22 ^ s_axi_aclk (in)
     2    0.07                           s_axi_aclk (net)
                  0.33    0.00   10.22 ^ clkbuf_0_s_axi_aclk/A (sky130_fd_sc_hd__clkbuf_16)
                  0.16    0.29   10.51 ^ clkbuf_0_s_axi_aclk/X (sky130_fd_sc_hd__clkbuf_16)
    10    0.15                           clknet_0_s_axi_aclk (net)
                  0.16    0.00   10.51 ^ clkbuf_3_6_0_s_axi_aclk/A (sky130_fd_sc_hd__clkbuf_8)
                  0.07    0.18   10.69 ^ clkbuf_3_6_0_s_axi_aclk/X (sky130_fd_sc_hd__clkbuf_8)
     2    0.03                           clknet_3_6_0_s_axi_aclk (net)
                  0.07    0.00   10.69 ^ clkbuf_4_13__f_s_axi_aclk/A (sky130_fd_sc_hd__clkbuf_16)
                  0.16    0.22   10.91 ^ clkbuf_4_13__f_s_axi_aclk/X (sky130_fd_sc_hd__clkbuf_16)
    10    0.15                           clknet_4_13__leaf_s_axi_aclk (net)
                  0.16    0.00   10.91 ^ clkbuf_leaf_78_s_axi_aclk/A (sky130_fd_sc_hd__clkbuf_16)
                  0.04    0.15   11.06 ^ clkbuf_leaf_78_s_axi_aclk/X (sky130_fd_sc_hd__clkbuf_16)
     5    0.02                           clknet_leaf_78_s_axi_aclk (net)
                  0.04    0.00   11.06 ^ _12009_/CLK (sky130_fd_sc_hd__dfxtp_1)
                         -0.25   10.81   clock uncertainty
                          0.00   10.81   clock reconvergence pessimism
                         -0.12   10.70   library setup time
                                 10.70   data required time
-----------------------------------------------------------------------------
                                 10.70   data required time
                                 -6.00   data arrival time
-----------------------------------------------------------------------------
                                  4.69   slack (MET)




===========================================================================
report_checks --slack_max -0.01
============================================================================
======================= Fastest Corner ===================================

No paths found.

======================= Slowest Corner ===================================

No paths found.

======================= Typical Corner ===================================

No paths found.


===========================================================================
 report_check_types -max_slew -max_cap -max_fanout -violators
============================================================================
======================= Fastest Corner ===================================

max fanout

Pin                                   Limit Fanout  Slack
---------------------------------------------------------
input117/X                               10     17     -7 (VIOLATED)
input198/X                               10     17     -7 (VIOLATED)
input73/X                                10     17     -7 (VIOLATED)
input82/X                                10     17     -7 (VIOLATED)
input88/X                                10     17     -7 (VIOLATED)
clkbuf_4_0__f_s_axi_aclk/X               10     16     -6 (VIOLATED)
clkbuf_4_7__f_s_axi_aclk/X               10     16     -6 (VIOLATED)
clkbuf_leaf_97_s_axi_aclk/X              10     15     -5 (VIOLATED)
input142/X                               10     15     -5 (VIOLATED)
input63/X                                10     15     -5 (VIOLATED)
clkbuf_4_1__f_s_axi_aclk/X               10     14     -4 (VIOLATED)
clkbuf_4_5__f_s_axi_aclk/X               10     14     -4 (VIOLATED)
clkbuf_4_6__f_s_axi_aclk/X               10     14     -4 (VIOLATED)
clkbuf_leaf_41_s_axi_aclk/X              10     14     -4 (VIOLATED)
clkbuf_leaf_47_s_axi_aclk/X              10     14     -4 (VIOLATED)
clkbuf_leaf_88_s_axi_aclk/X              10     14     -4 (VIOLATED)
input97/X                                10     14     -4 (VIOLATED)
clkbuf_4_2__f_s_axi_aclk/X               10     13     -3 (VIOLATED)
clkbuf_4_4__f_s_axi_aclk/X               10     13     -3 (VIOLATED)
clkbuf_leaf_101_s_axi_aclk/X             10     13     -3 (VIOLATED)
clkbuf_leaf_113_s_axi_aclk/X             10     13     -3 (VIOLATED)
clkbuf_leaf_158_s_axi_aclk/X             10     13     -3 (VIOLATED)
clkbuf_leaf_165_s_axi_aclk/X             10     13     -3 (VIOLATED)
clkbuf_leaf_98_s_axi_aclk/X              10     13     -3 (VIOLATED)
input123/X                               10     13     -3 (VIOLATED)
input183/X                               10     13     -3 (VIOLATED)
input65/X                                10     13     -3 (VIOLATED)
clkbuf_4_8__f_s_axi_aclk/X               10     12     -2 (VIOLATED)
clkbuf_4_9__f_s_axi_aclk/X               10     12     -2 (VIOLATED)
clkbuf_leaf_108_s_axi_aclk/X             10     12     -2 (VIOLATED)
clkbuf_leaf_120_s_axi_aclk/X             10     12     -2 (VIOLATED)
clkbuf_leaf_140_s_axi_aclk/X             10     12     -2 (VIOLATED)
clkbuf_leaf_141_s_axi_aclk/X             10     12     -2 (VIOLATED)
clkbuf_leaf_154_s_axi_aclk/X             10     12     -2 (VIOLATED)
clkbuf_leaf_156_s_axi_aclk/X             10     12     -2 (VIOLATED)
clkbuf_leaf_163_s_axi_aclk/X             10     12     -2 (VIOLATED)
clkbuf_leaf_36_s_axi_aclk/X              10     12     -2 (VIOLATED)
clkbuf_leaf_4_s_axi_aclk/X               10     12     -2 (VIOLATED)
clkbuf_leaf_66_s_axi_aclk/X              10     12     -2 (VIOLATED)
clkbuf_leaf_82_s_axi_aclk/X              10     12     -2 (VIOLATED)
clkbuf_leaf_87_s_axi_aclk/X              10     12     -2 (VIOLATED)
clkbuf_leaf_9_s_axi_aclk/X               10     12     -2 (VIOLATED)
input15/X                                10     12     -2 (VIOLATED)
input232/X                               10     12     -2 (VIOLATED)
_05501_/X                                10     11        (VIOLATED)
_06174_/X                                10     11        (VIOLATED)
_11082_/Q                                10     11        (VIOLATED)
clkbuf_leaf_111_s_axi_aclk/X             10     11        (VIOLATED)
clkbuf_leaf_115_s_axi_aclk/X             10     11        (VIOLATED)
clkbuf_leaf_119_s_axi_aclk/X             10     11        (VIOLATED)
clkbuf_leaf_121_s_axi_aclk/X             10     11        (VIOLATED)
clkbuf_leaf_128_s_axi_aclk/X             10     11        (VIOLATED)
clkbuf_leaf_131_s_axi_aclk/X             10     11        (VIOLATED)
clkbuf_leaf_135_s_axi_aclk/X             10     11        (VIOLATED)
clkbuf_leaf_1_s_axi_aclk/X               10     11        (VIOLATED)
clkbuf_leaf_23_s_axi_aclk/X              10     11        (VIOLATED)
clkbuf_leaf_24_s_axi_aclk/X              10     11        (VIOLATED)
clkbuf_leaf_29_s_axi_aclk/X              10     11        (VIOLATED)
clkbuf_leaf_32_s_axi_aclk/X              10     11        (VIOLATED)
clkbuf_leaf_40_s_axi_aclk/X              10     11        (VIOLATED)
clkbuf_leaf_42_s_axi_aclk/X              10     11        (VIOLATED)
clkbuf_leaf_45_s_axi_aclk/X              10     11        (VIOLATED)
clkbuf_leaf_77_s_axi_aclk/X              10     11        (VIOLATED)
clkbuf_leaf_86_s_axi_aclk/X              10     11        (VIOLATED)
clkbuf_leaf_89_s_axi_aclk/X              10     11        (VIOLATED)
input101/X                               10     11        (VIOLATED)
input104/X                               10     11        (VIOLATED)
input161/X                               10     11        (VIOLATED)
input168/X                               10     11        (VIOLATED)
input90/X                                10     11        (VIOLATED)
input93/X                                10     11        (VIOLATED)


======================= Slowest Corner ===================================

max slew

Pin                                    Limit    Slew   Slack
------------------------------------------------------------
_10347_/A                               0.75    0.96   -0.21 (VIOLATED)
_09831_/A                               0.75    0.96   -0.21 (VIOLATED)
_09664_/Y                               0.75    0.96   -0.21 (VIOLATED)
_09665_/A                               0.75    0.96   -0.21 (VIOLATED)
wire419/A                               0.75    0.96   -0.21 (VIOLATED)
_10674_/Y                               0.75    0.94   -0.19 (VIOLATED)
max_cap1/A                              0.75    0.94   -0.19 (VIOLATED)
max_cap415/A                            0.75    0.94   -0.19 (VIOLATED)
output285/A                             0.75    0.83   -0.08 (VIOLATED)
ANTENNA_421/DIODE                       0.75    0.83   -0.08 (VIOLATED)
_05791_/S0                              0.75    0.83   -0.08 (VIOLATED)
_05792_/S0                              0.75    0.83   -0.08 (VIOLATED)
_05434_/S0                              0.75    0.83   -0.08 (VIOLATED)
_05795_/S0                              0.75    0.82   -0.07 (VIOLATED)
_05758_/A                               0.75    0.82   -0.07 (VIOLATED)
_10360_/A                               0.75    0.82   -0.07 (VIOLATED)
_09697_/A                               0.75    0.82   -0.07 (VIOLATED)
_09696_/Y                               0.75    0.82   -0.07 (VIOLATED)
wire418/A                               0.75    0.82   -0.07 (VIOLATED)
_05429_/S0                              0.75    0.82   -0.07 (VIOLATED)
_05794_/S0                              0.75    0.82   -0.07 (VIOLATED)
_12976_/Q                               0.75    0.82   -0.07 (VIOLATED)
_07670_/A                               0.75    0.78   -0.03 (VIOLATED)
_07681_/B1                              0.75    0.78   -0.03 (VIOLATED)
_07682_/B1                              0.75    0.78   -0.03 (VIOLATED)
_07687_/B1                              0.75    0.78   -0.03 (VIOLATED)
_07684_/B1                              0.75    0.78   -0.03 (VIOLATED)
_07683_/B1                              0.75    0.78   -0.03 (VIOLATED)
_07685_/B1                              0.75    0.78   -0.03 (VIOLATED)
_07686_/B1                              0.75    0.78   -0.03 (VIOLATED)
_07658_/A                               0.75    0.78   -0.03 (VIOLATED)
_07647_/A                               0.75    0.78   -0.03 (VIOLATED)
_07646_/Y                               0.75    0.78   -0.03 (VIOLATED)

max fanout

Pin                                   Limit Fanout  Slack
---------------------------------------------------------
input117/X                               10     17     -7 (VIOLATED)
input198/X                               10     17     -7 (VIOLATED)
input73/X                                10     17     -7 (VIOLATED)
input82/X                                10     17     -7 (VIOLATED)
input88/X                                10     17     -7 (VIOLATED)
clkbuf_4_0__f_s_axi_aclk/X               10     16     -6 (VIOLATED)
clkbuf_4_7__f_s_axi_aclk/X               10     16     -6 (VIOLATED)
clkbuf_leaf_97_s_axi_aclk/X              10     15     -5 (VIOLATED)
input142/X                               10     15     -5 (VIOLATED)
input63/X                                10     15     -5 (VIOLATED)
clkbuf_4_1__f_s_axi_aclk/X               10     14     -4 (VIOLATED)
clkbuf_4_5__f_s_axi_aclk/X               10     14     -4 (VIOLATED)
clkbuf_4_6__f_s_axi_aclk/X               10     14     -4 (VIOLATED)
clkbuf_leaf_41_s_axi_aclk/X              10     14     -4 (VIOLATED)
clkbuf_leaf_47_s_axi_aclk/X              10     14     -4 (VIOLATED)
clkbuf_leaf_88_s_axi_aclk/X              10     14     -4 (VIOLATED)
input97/X                                10     14     -4 (VIOLATED)
clkbuf_4_2__f_s_axi_aclk/X               10     13     -3 (VIOLATED)
clkbuf_4_4__f_s_axi_aclk/X               10     13     -3 (VIOLATED)
clkbuf_leaf_101_s_axi_aclk/X             10     13     -3 (VIOLATED)
clkbuf_leaf_113_s_axi_aclk/X             10     13     -3 (VIOLATED)
clkbuf_leaf_158_s_axi_aclk/X             10     13     -3 (VIOLATED)
clkbuf_leaf_165_s_axi_aclk/X             10     13     -3 (VIOLATED)
clkbuf_leaf_98_s_axi_aclk/X              10     13     -3 (VIOLATED)
input123/X                               10     13     -3 (VIOLATED)
input183/X                               10     13     -3 (VIOLATED)
input65/X                                10     13     -3 (VIOLATED)
clkbuf_4_8__f_s_axi_aclk/X               10     12     -2 (VIOLATED)
clkbuf_4_9__f_s_axi_aclk/X               10     12     -2 (VIOLATED)
clkbuf_leaf_108_s_axi_aclk/X             10     12     -2 (VIOLATED)
clkbuf_leaf_120_s_axi_aclk/X             10     12     -2 (VIOLATED)
clkbuf_leaf_140_s_axi_aclk/X             10     12     -2 (VIOLATED)
clkbuf_leaf_141_s_axi_aclk/X             10     12     -2 (VIOLATED)
clkbuf_leaf_154_s_axi_aclk/X             10     12     -2 (VIOLATED)
clkbuf_leaf_156_s_axi_aclk/X             10     12     -2 (VIOLATED)
clkbuf_leaf_163_s_axi_aclk/X             10     12     -2 (VIOLATED)
clkbuf_leaf_36_s_axi_aclk/X              10     12     -2 (VIOLATED)
clkbuf_leaf_4_s_axi_aclk/X               10     12     -2 (VIOLATED)
clkbuf_leaf_66_s_axi_aclk/X              10     12     -2 (VIOLATED)
clkbuf_leaf_82_s_axi_aclk/X              10     12     -2 (VIOLATED)
clkbuf_leaf_87_s_axi_aclk/X              10     12     -2 (VIOLATED)
clkbuf_leaf_9_s_axi_aclk/X               10     12     -2 (VIOLATED)
input15/X                                10     12     -2 (VIOLATED)
input232/X                               10     12     -2 (VIOLATED)
_05501_/X                                10     11        (VIOLATED)
_06174_/X                                10     11        (VIOLATED)
_11082_/Q                                10     11        (VIOLATED)
clkbuf_leaf_111_s_axi_aclk/X             10     11        (VIOLATED)
clkbuf_leaf_115_s_axi_aclk/X             10     11        (VIOLATED)
clkbuf_leaf_119_s_axi_aclk/X             10     11        (VIOLATED)
clkbuf_leaf_121_s_axi_aclk/X             10     11        (VIOLATED)
clkbuf_leaf_128_s_axi_aclk/X             10     11        (VIOLATED)
clkbuf_leaf_131_s_axi_aclk/X             10     11        (VIOLATED)
clkbuf_leaf_135_s_axi_aclk/X             10     11        (VIOLATED)
clkbuf_leaf_1_s_axi_aclk/X               10     11        (VIOLATED)
clkbuf_leaf_23_s_axi_aclk/X              10     11        (VIOLATED)
clkbuf_leaf_24_s_axi_aclk/X              10     11        (VIOLATED)
clkbuf_leaf_29_s_axi_aclk/X              10     11        (VIOLATED)
clkbuf_leaf_32_s_axi_aclk/X              10     11        (VIOLATED)
clkbuf_leaf_40_s_axi_aclk/X              10     11        (VIOLATED)
clkbuf_leaf_42_s_axi_aclk/X              10     11        (VIOLATED)
clkbuf_leaf_45_s_axi_aclk/X              10     11        (VIOLATED)
clkbuf_leaf_77_s_axi_aclk/X              10     11        (VIOLATED)
clkbuf_leaf_86_s_axi_aclk/X              10     11        (VIOLATED)
clkbuf_leaf_89_s_axi_aclk/X              10     11        (VIOLATED)
input101/X                               10     11        (VIOLATED)
input104/X                               10     11        (VIOLATED)
input161/X                               10     11        (VIOLATED)
input168/X                               10     11        (VIOLATED)
input90/X                                10     11        (VIOLATED)
input93/X                                10     11        (VIOLATED)


======================= Typical Corner ===================================

max fanout

Pin                                   Limit Fanout  Slack
---------------------------------------------------------
input117/X                               10     17     -7 (VIOLATED)
input198/X                               10     17     -7 (VIOLATED)
input73/X                                10     17     -7 (VIOLATED)
input82/X                                10     17     -7 (VIOLATED)
input88/X                                10     17     -7 (VIOLATED)
clkbuf_4_0__f_s_axi_aclk/X               10     16     -6 (VIOLATED)
clkbuf_4_7__f_s_axi_aclk/X               10     16     -6 (VIOLATED)
clkbuf_leaf_97_s_axi_aclk/X              10     15     -5 (VIOLATED)
input142/X                               10     15     -5 (VIOLATED)
input63/X                                10     15     -5 (VIOLATED)
clkbuf_4_1__f_s_axi_aclk/X               10     14     -4 (VIOLATED)
clkbuf_4_5__f_s_axi_aclk/X               10     14     -4 (VIOLATED)
clkbuf_4_6__f_s_axi_aclk/X               10     14     -4 (VIOLATED)
clkbuf_leaf_41_s_axi_aclk/X              10     14     -4 (VIOLATED)
clkbuf_leaf_47_s_axi_aclk/X              10     14     -4 (VIOLATED)
clkbuf_leaf_88_s_axi_aclk/X              10     14     -4 (VIOLATED)
input97/X                                10     14     -4 (VIOLATED)
clkbuf_4_2__f_s_axi_aclk/X               10     13     -3 (VIOLATED)
clkbuf_4_4__f_s_axi_aclk/X               10     13     -3 (VIOLATED)
clkbuf_leaf_101_s_axi_aclk/X             10     13     -3 (VIOLATED)
clkbuf_leaf_113_s_axi_aclk/X             10     13     -3 (VIOLATED)
clkbuf_leaf_158_s_axi_aclk/X             10     13     -3 (VIOLATED)
clkbuf_leaf_165_s_axi_aclk/X             10     13     -3 (VIOLATED)
clkbuf_leaf_98_s_axi_aclk/X              10     13     -3 (VIOLATED)
input123/X                               10     13     -3 (VIOLATED)
input183/X                               10     13     -3 (VIOLATED)
input65/X                                10     13     -3 (VIOLATED)
clkbuf_4_8__f_s_axi_aclk/X               10     12     -2 (VIOLATED)
clkbuf_4_9__f_s_axi_aclk/X               10     12     -2 (VIOLATED)
clkbuf_leaf_108_s_axi_aclk/X             10     12     -2 (VIOLATED)
clkbuf_leaf_120_s_axi_aclk/X             10     12     -2 (VIOLATED)
clkbuf_leaf_140_s_axi_aclk/X             10     12     -2 (VIOLATED)
clkbuf_leaf_141_s_axi_aclk/X             10     12     -2 (VIOLATED)
clkbuf_leaf_154_s_axi_aclk/X             10     12     -2 (VIOLATED)
clkbuf_leaf_156_s_axi_aclk/X             10     12     -2 (VIOLATED)
clkbuf_leaf_163_s_axi_aclk/X             10     12     -2 (VIOLATED)
clkbuf_leaf_36_s_axi_aclk/X              10     12     -2 (VIOLATED)
clkbuf_leaf_4_s_axi_aclk/X               10     12     -2 (VIOLATED)
clkbuf_leaf_66_s_axi_aclk/X              10     12     -2 (VIOLATED)
clkbuf_leaf_82_s_axi_aclk/X              10     12     -2 (VIOLATED)
clkbuf_leaf_87_s_axi_aclk/X              10     12     -2 (VIOLATED)
clkbuf_leaf_9_s_axi_aclk/X               10     12     -2 (VIOLATED)
input15/X                                10     12     -2 (VIOLATED)
input232/X                               10     12     -2 (VIOLATED)
_05501_/X                                10     11        (VIOLATED)
_06174_/X                                10     11        (VIOLATED)
_11082_/Q                                10     11        (VIOLATED)
clkbuf_leaf_111_s_axi_aclk/X             10     11        (VIOLATED)
clkbuf_leaf_115_s_axi_aclk/X             10     11        (VIOLATED)
clkbuf_leaf_119_s_axi_aclk/X             10     11        (VIOLATED)
clkbuf_leaf_121_s_axi_aclk/X             10     11        (VIOLATED)
clkbuf_leaf_128_s_axi_aclk/X             10     11        (VIOLATED)
clkbuf_leaf_131_s_axi_aclk/X             10     11        (VIOLATED)
clkbuf_leaf_135_s_axi_aclk/X             10     11        (VIOLATED)
clkbuf_leaf_1_s_axi_aclk/X               10     11        (VIOLATED)
clkbuf_leaf_23_s_axi_aclk/X              10     11        (VIOLATED)
clkbuf_leaf_24_s_axi_aclk/X              10     11        (VIOLATED)
clkbuf_leaf_29_s_axi_aclk/X              10     11        (VIOLATED)
clkbuf_leaf_32_s_axi_aclk/X              10     11        (VIOLATED)
clkbuf_leaf_40_s_axi_aclk/X              10     11        (VIOLATED)
clkbuf_leaf_42_s_axi_aclk/X              10     11        (VIOLATED)
clkbuf_leaf_45_s_axi_aclk/X              10     11        (VIOLATED)
clkbuf_leaf_77_s_axi_aclk/X              10     11        (VIOLATED)
clkbuf_leaf_86_s_axi_aclk/X              10     11        (VIOLATED)
clkbuf_leaf_89_s_axi_aclk/X              10     11        (VIOLATED)
input101/X                               10     11        (VIOLATED)
input104/X                               10     11        (VIOLATED)
input161/X                               10     11        (VIOLATED)
input168/X                               10     11        (VIOLATED)
input90/X                                10     11        (VIOLATED)
input93/X                                10     11        (VIOLATED)



===========================================================================
report_parasitic_annotation -report_unannotated
============================================================================
Found 146 unannotated drivers.
 pslverrmsg_slaves[100]
 pslverrmsg_slaves[101]
 pslverrmsg_slaves[102]
 pslverrmsg_slaves[103]
 pslverrmsg_slaves[104]
 pslverrmsg_slaves[105]
 pslverrmsg_slaves[106]
 pslverrmsg_slaves[107]
 pslverrmsg_slaves[108]
 pslverrmsg_slaves[109]
 pslverrmsg_slaves[110]
 pslverrmsg_slaves[111]
 pslverrmsg_slaves[112]
 pslverrmsg_slaves[113]
 pslverrmsg_slaves[114]
 pslverrmsg_slaves[115]
 pslverrmsg_slaves[116]
 pslverrmsg_slaves[117]
 pslverrmsg_slaves[118]
 pslverrmsg_slaves[119]
 pslverrmsg_slaves[120]
 pslverrmsg_slaves[121]
 pslverrmsg_slaves[122]
 pslverrmsg_slaves[123]
 pslverrmsg_slaves[124]
 pslverrmsg_slaves[125]
 pslverrmsg_slaves[126]
 pslverrmsg_slaves[127]
 pslverrmsg_slaves[16]
 pslverrmsg_slaves[17]
 pslverrmsg_slaves[18]
 pslverrmsg_slaves[19]
 pslverrmsg_slaves[20]
 pslverrmsg_slaves[21]
 pslverrmsg_slaves[22]
 pslverrmsg_slaves[23]
 pslverrmsg_slaves[24]
 pslverrmsg_slaves[25]
 pslverrmsg_slaves[26]
 pslverrmsg_slaves[27]
 pslverrmsg_slaves[28]
 pslverrmsg_slaves[29]
 pslverrmsg_slaves[30]
 pslverrmsg_slaves[31]
 pslverrmsg_slaves[32]
 pslverrmsg_slaves[33]
 pslverrmsg_slaves[34]
 pslverrmsg_slaves[35]
 pslverrmsg_slaves[36]
 pslverrmsg_slaves[37]
 pslverrmsg_slaves[38]
 pslverrmsg_slaves[39]
 pslverrmsg_slaves[40]
 pslverrmsg_slaves[41]
 pslverrmsg_slaves[42]
 pslverrmsg_slaves[43]
 pslverrmsg_slaves[44]
 pslverrmsg_slaves[45]
 pslverrmsg_slaves[46]
 pslverrmsg_slaves[47]
 pslverrmsg_slaves[48]
 pslverrmsg_slaves[49]
 pslverrmsg_slaves[50]
 pslverrmsg_slaves[51]
 pslverrmsg_slaves[52]
 pslverrmsg_slaves[53]
 pslverrmsg_slaves[54]
 pslverrmsg_slaves[55]
 pslverrmsg_slaves[56]
 pslverrmsg_slaves[57]
 pslverrmsg_slaves[58]
 pslverrmsg_slaves[59]
 pslverrmsg_slaves[60]
 pslverrmsg_slaves[61]
 pslverrmsg_slaves[62]
 pslverrmsg_slaves[63]
 pslverrmsg_slaves[64]
 pslverrmsg_slaves[65]
 pslverrmsg_slaves[66]
 pslverrmsg_slaves[67]
 pslverrmsg_slaves[68]
 pslverrmsg_slaves[69]
 pslverrmsg_slaves[70]
 pslverrmsg_slaves[71]
 pslverrmsg_slaves[72]
 pslverrmsg_slaves[73]
 pslverrmsg_slaves[74]
 pslverrmsg_slaves[75]
 pslverrmsg_slaves[76]
 pslverrmsg_slaves[77]
 pslverrmsg_slaves[78]
 pslverrmsg_slaves[79]
 pslverrmsg_slaves[80]
 pslverrmsg_slaves[81]
 pslverrmsg_slaves[82]
 pslverrmsg_slaves[83]
 pslverrmsg_slaves[84]
 pslverrmsg_slaves[85]
 pslverrmsg_slaves[86]
 pslverrmsg_slaves[87]
 pslverrmsg_slaves[88]
 pslverrmsg_slaves[89]
 pslverrmsg_slaves[90]
 pslverrmsg_slaves[91]
 pslverrmsg_slaves[92]
 pslverrmsg_slaves[93]
 pslverrmsg_slaves[94]
 pslverrmsg_slaves[95]
 pslverrmsg_slaves[96]
 pslverrmsg_slaves[97]
 pslverrmsg_slaves[98]
 pslverrmsg_slaves[99]
 Top_module_605/HI
 Top_module_606/HI
 Top_module_607/HI
 Top_module_608/HI
 Top_module_609/HI
 Top_module_610/HI
 Top_module_611/HI
 Top_module_612/HI
 Top_module_613/HI
 Top_module_614/HI
 Top_module_615/HI
 Top_module_616/HI
 Top_module_617/HI
 Top_module_618/HI
 Top_module_619/HI
 Top_module_620/HI
 Top_module_621/HI
 Top_module_622/HI
 Top_module_623/HI
 Top_module_624/HI
 Top_module_625/HI
 Top_module_626/HI
 Top_module_627/HI
 Top_module_628/HI
 Top_module_629/HI
 Top_module_630/HI
 Top_module_631/HI
 Top_module_632/HI
 Top_module_633/HI
 Top_module_634/HI
 Top_module_635/HI
 Top_module_636/HI
 Top_module_637/HI
 Top_module_638/HI
Found 0 partially unannotated drivers.

===========================================================================
max slew violation count 33
max fanout violation count 71
max cap violation count 0
============================================================================

===========================================================================
check_setup -verbose -unconstrained_endpoints -multiple_clock -no_clock -no_input_delay -loops -generated_clocks
===========================================================================
Warning: There are 798 unclocked register/latch pins.
  _12074_/CLK
  _12075_/CLK
  _12076_/CLK
  _12077_/CLK
  _12078_/CLK
  _12080_/CLK
  _12081_/CLK
  _12082_/CLK
  _12083_/CLK
  _12084_/CLK
  _12085_/CLK
  _12086_/CLK
  _12087_/CLK
  _12088_/CLK
  _12089_/CLK
  _12090_/CLK
  _12091_/CLK
  _12092_/CLK
  _12093_/CLK
  _12094_/CLK
  _12095_/CLK
  _12096_/CLK
  _12097_/CLK
  _12098_/CLK
  _12099_/CLK
  _12100_/CLK
  _12101_/CLK
  _12102_/CLK
  _12103_/CLK
  _12104_/CLK
  _12105_/CLK
  _12106_/CLK
  _12107_/CLK
  _12108_/CLK
  _12109_/CLK
  _12110_/CLK
  _12111_/CLK
  _12112_/CLK
  _12123_/CLK
  _12124_/CLK
  _12125_/CLK
  _12126_/CLK
  _12127_/CLK
  _12128_/CLK
  _12129_/CLK
  _12130_/CLK
  _12131_/CLK
  _12132_/CLK
  _12272_/CLK
  _12273_/CLK
  _12274_/CLK
  _12275_/CLK
  _12276_/CLK
  _12277_/CLK
  _12278_/CLK
  _12279_/CLK
  _12280_/CLK
  _12281_/CLK
  _12282_/CLK
  _12283_/CLK
  _12284_/CLK
  _12285_/CLK
  _12286_/CLK
  _12287_/CLK
  _12288_/CLK
  _12289_/CLK
  _12290_/CLK
  _12291_/CLK
  _12292_/CLK
  _12293_/CLK
  _12294_/CLK
  _12295_/CLK
  _12296_/CLK
  _12297_/CLK
  _12298_/CLK
  _12299_/CLK
  _12300_/CLK
  _12301_/CLK
  _12302_/CLK
  _12303_/CLK
  _12304_/CLK
  _12305_/CLK
  _12306_/CLK
  _12307_/CLK
  _12308_/CLK
  _12309_/CLK
  _12310_/CLK
  _12311_/CLK
  _12312_/CLK
  _12313_/CLK
  _12314_/CLK
  _12315_/CLK
  _12316_/CLK
  _12317_/CLK
  _12318_/CLK
  _12319_/CLK
  _12320_/CLK
  _12321_/CLK
  _12322_/CLK
  _12323_/CLK
  _12324_/CLK
  _12325_/CLK
  _12326_/CLK
  _12327_/CLK
  _12328_/CLK
  _12329_/CLK
  _12330_/CLK
  _12331_/CLK
  _12332_/CLK
  _12333_/CLK
  _12334_/CLK
  _12335_/CLK
  _12336_/CLK
  _12337_/CLK
  _12338_/CLK
  _12339_/CLK
  _12340_/CLK
  _12341_/CLK
  _12342_/CLK
  _12343_/CLK
  _12344_/CLK
  _12345_/CLK
  _12346_/CLK
  _12347_/CLK
  _12348_/CLK
  _12349_/CLK
  _12350_/CLK
  _12351_/CLK
  _12352_/CLK
  _12353_/CLK
  _12354_/CLK
  _12355_/CLK
  _12356_/CLK
  _12357_/CLK
  _12358_/CLK
  _12359_/CLK
  _12360_/CLK
  _12361_/CLK
  _12362_/CLK
  _12363_/CLK
  _12364_/CLK
  _12365_/CLK
  _12366_/CLK
  _12367_/CLK
  _12368_/CLK
  _12369_/CLK
  _12370_/CLK
  _12371_/CLK
  _12372_/CLK
  _12373_/CLK
  _12374_/CLK
  _12375_/CLK
  _12376_/CLK
  _12377_/CLK
  _12378_/CLK
  _12379_/CLK
  _12380_/CLK
  _12381_/CLK
  _12382_/CLK
  _12383_/CLK
  _12384_/CLK
  _12385_/CLK
  _12386_/CLK
  _12387_/CLK
  _12388_/CLK
  _12389_/CLK
  _12390_/CLK
  _12391_/CLK
  _12392_/CLK
  _12393_/CLK
  _12394_/CLK
  _12395_/CLK
  _12396_/CLK
  _12397_/CLK
  _12398_/CLK
  _12399_/CLK
  _12400_/CLK
  _12401_/CLK
  _12402_/CLK
  _12403_/CLK
  _12404_/CLK
  _12405_/CLK
  _12406_/CLK
  _12407_/CLK
  _12408_/CLK
  _12409_/CLK
  _12410_/CLK
  _12411_/CLK
  _12412_/CLK
  _12413_/CLK
  _12414_/CLK
  _12415_/CLK
  _12416_/CLK
  _12417_/CLK
  _12418_/CLK
  _12419_/CLK
  _12420_/CLK
  _12421_/CLK
  _12422_/CLK
  _12423_/CLK
  _12424_/CLK
  _12425_/CLK
  _12426_/CLK
  _12427_/CLK
  _12428_/CLK
  _12429_/CLK
  _12430_/CLK
  _12431_/CLK
  _12432_/CLK
  _12433_/CLK
  _12434_/CLK
  _12435_/CLK
  _12436_/CLK
  _12437_/CLK
  _12438_/CLK
  _12439_/CLK
  _12440_/CLK
  _12441_/CLK
  _12442_/CLK
  _12443_/CLK
  _12444_/CLK
  _12445_/CLK
  _12446_/CLK
  _12447_/CLK
  _12448_/CLK
  _12449_/CLK
  _12450_/CLK
  _12451_/CLK
  _12452_/CLK
  _12453_/CLK
  _12454_/CLK
  _12455_/CLK
  _12456_/CLK
  _12457_/CLK
  _12458_/CLK
  _12459_/CLK
  _12460_/CLK
  _12461_/CLK
  _12462_/CLK
  _12463_/CLK
  _12464_/CLK
  _12465_/CLK
  _12466_/CLK
  _12467_/CLK
  _12468_/CLK
  _12469_/CLK
  _12470_/CLK
  _12471_/CLK
  _12472_/CLK
  _12473_/CLK
  _12474_/CLK
  _12475_/CLK
  _12476_/CLK
  _12477_/CLK
  _12478_/CLK
  _12479_/CLK
  _12480_/CLK
  _12481_/CLK
  _12482_/CLK
  _12483_/CLK
  _12484_/CLK
  _12485_/CLK
  _12486_/CLK
  _12487_/CLK
  _12488_/CLK
  _12489_/CLK
  _12490_/CLK
  _12491_/CLK
  _12492_/CLK
  _12493_/CLK
  _12494_/CLK
  _12495_/CLK
  _12496_/CLK
  _12497_/CLK
  _12498_/CLK
  _12499_/CLK
  _12500_/CLK
  _12501_/CLK
  _12502_/CLK
  _12503_/CLK
  _12504_/CLK
  _12505_/CLK
  _12506_/CLK
  _12507_/CLK
  _12508_/CLK
  _12509_/CLK
  _12510_/CLK
  _12511_/CLK
  _12512_/CLK
  _12513_/CLK
  _12514_/CLK
  _12515_/CLK
  _12516_/CLK
  _12517_/CLK
  _12518_/CLK
  _12519_/CLK
  _12520_/CLK
  _12521_/CLK
  _12522_/CLK
  _12523_/CLK
  _12524_/CLK
  _12525_/CLK
  _12526_/CLK
  _12527_/CLK
  _12528_/CLK
  _12529_/CLK
  _12530_/CLK
  _12531_/CLK
  _12532_/CLK
  _12533_/CLK
  _12534_/CLK
  _12535_/CLK
  _12536_/CLK
  _12537_/CLK
  _12538_/CLK
  _12539_/CLK
  _12540_/CLK
  _12541_/CLK
  _12542_/CLK
  _12543_/CLK
  _12544_/CLK
  _12545_/CLK
  _12546_/CLK
  _12547_/CLK
  _12548_/CLK
  _12549_/CLK
  _12550_/CLK
  _12551_/CLK
  _12552_/CLK
  _12553_/CLK
  _12554_/CLK
  _12555_/CLK
  _12556_/CLK
  _12557_/CLK
  _12558_/CLK
  _12559_/CLK
  _12560_/CLK
  _12561_/CLK
  _12562_/CLK
  _12563_/CLK
  _12564_/CLK
  _12565_/CLK
  _12566_/CLK
  _12567_/CLK
  _12568_/CLK
  _12569_/CLK
  _12570_/CLK
  _12571_/CLK
  _12572_/CLK
  _12573_/CLK
  _12574_/CLK
  _12575_/CLK
  _12576_/CLK
  _12577_/CLK
  _12578_/CLK
  _12579_/CLK
  _12580_/CLK
  _12581_/CLK
  _12582_/CLK
  _12583_/CLK
  _12584_/CLK
  _12585_/CLK
  _12586_/CLK
  _12587_/CLK
  _12588_/CLK
  _12589_/CLK
  _12590_/CLK
  _12591_/CLK
  _12592_/CLK
  _12593_/CLK
  _12594_/CLK
  _12595_/CLK
  _12596_/CLK
  _12597_/CLK
  _12598_/CLK
  _12599_/CLK
  _12600_/CLK
  _12601_/CLK
  _12602_/CLK
  _12603_/CLK
  _12604_/CLK
  _12605_/CLK
  _12606_/CLK
  _12607_/CLK
  _12608_/CLK
  _12609_/CLK
  _12610_/CLK
  _12611_/CLK
  _12612_/CLK
  _12613_/CLK
  _12614_/CLK
  _12615_/CLK
  _12616_/CLK
  _12617_/CLK
  _12618_/CLK
  _12619_/CLK
  _12620_/CLK
  _12621_/CLK
  _12622_/CLK
  _12623_/CLK
  _12624_/CLK
  _12625_/CLK
  _12626_/CLK
  _12627_/CLK
  _12628_/CLK
  _12629_/CLK
  _12630_/CLK
  _12631_/CLK
  _12632_/CLK
  _12633_/CLK
  _12634_/CLK
  _12635_/CLK
  _12636_/CLK
  _12637_/CLK
  _12638_/CLK
  _12639_/CLK
  _12640_/CLK
  _12641_/CLK
  _12642_/CLK
  _12643_/CLK
  _12644_/CLK
  _12645_/CLK
  _12646_/CLK
  _12647_/CLK
  _12648_/CLK
  _12649_/CLK
  _12650_/CLK
  _12651_/CLK
  _12652_/CLK
  _12653_/CLK
  _12654_/CLK
  _12655_/CLK
  _12656_/CLK
  _12657_/CLK
  _12658_/CLK
  _12659_/CLK
  _12660_/CLK
  _12666_/CLK
  _12667_/CLK
  _12668_/CLK
  _12669_/CLK
  _12670_/CLK
  _12672_/CLK
  _12673_/CLK
  _12674_/CLK
  _12675_/CLK
  _12676_/CLK
  _12677_/CLK
  _12678_/CLK
  _12679_/CLK
  _12680_/CLK
  _12681_/CLK
  _12692_/CLK
  _12693_/CLK
  _12694_/CLK
  _12695_/CLK
  _12696_/CLK
  _12697_/CLK
  _12698_/CLK
  _12699_/CLK
  _12700_/CLK
  _12701_/CLK
  _12702_/CLK
  _12703_/CLK
  _12704_/CLK
  _12705_/CLK
  _12706_/CLK
  _12707_/CLK
  _12708_/CLK
  _12709_/CLK
  _12710_/CLK
  _12711_/CLK
  _12712_/CLK
  _12713_/CLK
  _12714_/CLK
  _12715_/CLK
  _12716_/CLK
  _12717_/CLK
  _12718_/CLK
  _12719_/CLK
  _12720_/CLK
  _12721_/CLK
  _12722_/CLK
  _12723_/CLK
  _12724_/CLK
  _12725_/CLK
  _12726_/CLK
  _12727_/CLK
  _12728_/CLK
  _12729_/CLK
  _12730_/CLK
  _12731_/CLK
  _12732_/CLK
  _12733_/CLK
  _12734_/CLK
  _12735_/CLK
  _12736_/CLK
  _12737_/CLK
  _12738_/CLK
  _12739_/CLK
  _12740_/CLK
  _12741_/CLK
  _12742_/CLK
  _12743_/CLK
  _12744_/CLK
  _12745_/CLK
  _12746_/CLK
  _12747_/CLK
  _12748_/CLK
  _12749_/CLK
  _12750_/CLK
  _12751_/CLK
  _12752_/CLK
  _12753_/CLK
  _12754_/CLK
  _12755_/CLK
  _12764_/CLK
  _12765_/CLK
  _12766_/CLK
  _12767_/CLK
  _12768_/CLK
  _12769_/CLK
  _12770_/CLK
  _12771_/CLK
  _12772_/CLK
  _12773_/CLK
  _12774_/CLK
  _12775_/CLK
  _12776_/CLK
  _12777_/CLK
  _12778_/CLK
  _12779_/CLK
  _12780_/CLK
  _12781_/CLK
  _12782_/CLK
  _12783_/CLK
  _12784_/CLK
  _12785_/CLK
  _12786_/CLK
  _12787_/CLK
  _12788_/CLK
  _12789_/CLK
  _12790_/CLK
  _12791_/CLK
  _12792_/CLK
  _12793_/CLK
  _12794_/CLK
  _12795_/CLK
  _12796_/CLK
  _12797_/CLK
  _12798_/CLK
  _12799_/CLK
  _12800_/CLK
  _12801_/CLK
  _12802_/CLK
  _12803_/CLK
  _12804_/CLK
  _12805_/CLK
  _12806_/CLK
  _12807_/CLK
  _12808_/CLK
  _12809_/CLK
  _12810_/CLK
  _12811_/CLK
  _12812_/CLK
  _12813_/CLK
  _12814_/CLK
  _12815_/CLK
  _12816_/CLK
  _12817_/CLK
  _12818_/CLK
  _12819_/CLK
  _12820_/CLK
  _12821_/CLK
  _12822_/CLK
  _12823_/CLK
  _12824_/CLK
  _12825_/CLK
  _12826_/CLK
  _12827_/CLK
  _12828_/CLK
  _12829_/CLK
  _12830_/CLK
  _12831_/CLK
  _12832_/CLK
  _12833_/CLK
  _12834_/CLK
  _12835_/CLK
  _12836_/CLK
  _12837_/CLK
  _12838_/CLK
  _12839_/CLK
  _12840_/CLK
  _12841_/CLK
  _12842_/CLK
  _12843_/CLK
  _12844_/CLK
  _12845_/CLK
  _12846_/CLK
  _12847_/CLK
  _12848_/CLK
  _12849_/CLK
  _12850_/CLK
  _12851_/CLK
  _12852_/CLK
  _12853_/CLK
  _12854_/CLK
  _12855_/CLK
  _12856_/CLK
  _12857_/CLK
  _12858_/CLK
  _12859_/CLK
  _12860_/CLK
  _12861_/CLK
  _12862_/CLK
  _12863_/CLK
  _12864_/CLK
  _12865_/CLK
  _12866_/CLK
  _12867_/CLK
  _12868_/CLK
  _12869_/CLK
  _12870_/CLK
  _12871_/CLK
  _12872_/CLK
  _12873_/CLK
  _12874_/CLK
  _12875_/CLK
  _12876_/CLK
  _12877_/CLK
  _12878_/CLK
  _12879_/CLK
  _12880_/CLK
  _12881_/CLK
  _12882_/CLK
  _12883_/CLK
  _12884_/CLK
  _12885_/CLK
  _12886_/CLK
  _12887_/CLK
  _12888_/CLK
  _12889_/CLK
  _12890_/CLK
  _12891_/CLK
  _12892_/CLK
  _12893_/CLK
  _12894_/CLK
  _12895_/CLK
  _12896_/CLK
  _12897_/CLK
  _12898_/CLK
  _12899_/CLK
  _12900_/CLK
  _12901_/CLK
  _12902_/CLK
  _12903_/CLK
  _12904_/CLK
  _12905_/CLK
  _12906_/CLK
  _12907_/CLK
  _12908_/CLK
  _12909_/CLK
  _12910_/CLK
  _12911_/CLK
  _12912_/CLK
  _12913_/CLK
  _12914_/CLK
  _12915_/CLK
  _12916_/CLK
  _12917_/CLK
  _12918_/CLK
  _12919_/CLK
  _12920_/CLK
  _12921_/CLK
  _12922_/CLK
  _12923_/CLK
  _12924_/CLK
  _12925_/CLK
  _12926_/CLK
  _12927_/CLK
  _12928_/CLK
  _12929_/CLK
  _12930_/CLK
  _12931_/CLK
  _12932_/CLK
  _12933_/CLK
  _12934_/CLK
  _12935_/CLK
  _12936_/CLK
  _12937_/CLK
  _12938_/CLK
  _12939_/CLK
  _12940_/CLK
  _12941_/CLK
  _12942_/CLK
  _12943_/CLK
  _12944_/CLK
  _12945_/CLK
  _12946_/CLK
  _12947_/CLK
  _12948_/CLK
  _12949_/CLK
  _12950_/CLK
  _12951_/CLK
  _12952_/CLK
  _12953_/CLK
  _12954_/CLK
  _12955_/CLK
  _12956_/CLK
  _12957_/CLK
  _12958_/CLK
  _12959_/CLK
  _12960_/CLK
  _12961_/CLK
  _12962_/CLK
  _12963_/CLK
  _12964_/CLK
  _12965_/CLK
  _12966_/CLK
  _12967_/CLK
  _12968_/CLK
  _12969_/CLK
  _12970_/CLK
  _12971_/CLK
  _12972_/CLK
  _12973_/CLK
  _12974_/CLK
  _12975_/CLK
  _12976_/CLK
  _12977_/CLK
  _12978_/CLK
  _12979_/CLK
  _12980_/CLK
  _12981_/CLK
  _12982_/CLK
  _12983_/CLK
  _12984_/CLK
  _12985_/CLK
  _12986_/CLK
  _12987_/CLK
  _12988_/CLK
  _12989_/CLK
  _12990_/CLK
  _12991_/CLK
  _12992_/CLK
  _12993_/CLK
  _12994_/CLK
  _12995_/CLK
  _12996_/CLK
  _12997_/CLK
  _12998_/CLK
  _12999_/CLK
  _13000_/CLK
  _13001_/CLK
  _13002_/CLK
  _13003_/CLK
  _13004_/CLK
  _13005_/CLK
  _13006_/CLK
  _13007_/CLK
  _13008_/CLK
  _13009_/CLK
  _13010_/CLK
  _13011_/CLK
  _13012_/CLK
  _13013_/CLK
  _13014_/CLK
  _13015_/CLK
  _13016_/CLK
  _13017_/CLK
  _13018_/CLK
  _13019_/CLK
  _13020_/CLK
  _13021_/CLK
  _13022_/CLK
  _13023_/CLK
  _13024_/CLK
  _13025_/CLK
  _13026_/CLK
  _13027_/CLK
  _13028_/CLK
  _13029_/CLK
  _13030_/CLK
  _13031_/CLK
  _13032_/CLK
  _13033_/CLK
  _13034_/CLK
  _13035_/CLK
  _13036_/CLK
  _13037_/CLK
  _13038_/CLK
  _13039_/CLK
  _13040_/CLK
  _13041_/CLK
  _13042_/CLK
  _13043_/CLK
  _13044_/CLK
  _13077_/GATE_N
Warning: There are 921 unconstrained endpoints.
  apb_master_busy
  m_apb_master_state[0]
  m_apb_master_state[1]
  m_apb_master_state[2]
  m_apb_paddr[0]
  m_apb_paddr[10]
  m_apb_paddr[11]
  m_apb_paddr[12]
  m_apb_paddr[13]
  m_apb_paddr[14]
  m_apb_paddr[15]
  m_apb_paddr[16]
  m_apb_paddr[17]
  m_apb_paddr[18]
  m_apb_paddr[19]
  m_apb_paddr[1]
  m_apb_paddr[20]
  m_apb_paddr[21]
  m_apb_paddr[22]
  m_apb_paddr[23]
  m_apb_paddr[24]
  m_apb_paddr[25]
  m_apb_paddr[26]
  m_apb_paddr[27]
  m_apb_paddr[28]
  m_apb_paddr[29]
  m_apb_paddr[2]
  m_apb_paddr[30]
  m_apb_paddr[31]
  m_apb_paddr[3]
  m_apb_paddr[4]
  m_apb_paddr[5]
  m_apb_paddr[6]
  m_apb_paddr[7]
  m_apb_paddr[8]
  m_apb_paddr[9]
  m_apb_penable
  m_apb_psel[0]
  m_apb_psel[1]
  m_apb_psel[2]
  m_apb_psel[3]
  m_apb_pslverrmsg_mux[0]
  m_apb_pslverrmsg_mux[10]
  m_apb_pslverrmsg_mux[11]
  m_apb_pslverrmsg_mux[12]
  m_apb_pslverrmsg_mux[13]
  m_apb_pslverrmsg_mux[14]
  m_apb_pslverrmsg_mux[15]
  m_apb_pslverrmsg_mux[16]
  m_apb_pslverrmsg_mux[17]
  m_apb_pslverrmsg_mux[18]
  m_apb_pslverrmsg_mux[19]
  m_apb_pslverrmsg_mux[1]
  m_apb_pslverrmsg_mux[20]
  m_apb_pslverrmsg_mux[21]
  m_apb_pslverrmsg_mux[22]
  m_apb_pslverrmsg_mux[23]
  m_apb_pslverrmsg_mux[24]
  m_apb_pslverrmsg_mux[25]
  m_apb_pslverrmsg_mux[26]
  m_apb_pslverrmsg_mux[27]
  m_apb_pslverrmsg_mux[28]
  m_apb_pslverrmsg_mux[29]
  m_apb_pslverrmsg_mux[2]
  m_apb_pslverrmsg_mux[30]
  m_apb_pslverrmsg_mux[31]
  m_apb_pslverrmsg_mux[3]
  m_apb_pslverrmsg_mux[4]
  m_apb_pslverrmsg_mux[5]
  m_apb_pslverrmsg_mux[6]
  m_apb_pslverrmsg_mux[7]
  m_apb_pslverrmsg_mux[8]
  m_apb_pslverrmsg_mux[9]
  m_apb_pstrb[0]
  m_apb_pstrb[1]
  m_apb_pstrb[2]
  m_apb_pstrb[3]
  m_apb_pwdata[0]
  m_apb_pwdata[10]
  m_apb_pwdata[11]
  m_apb_pwdata[12]
  m_apb_pwdata[13]
  m_apb_pwdata[14]
  m_apb_pwdata[15]
  m_apb_pwdata[16]
  m_apb_pwdata[17]
  m_apb_pwdata[18]
  m_apb_pwdata[19]
  m_apb_pwdata[1]
  m_apb_pwdata[20]
  m_apb_pwdata[21]
  m_apb_pwdata[22]
  m_apb_pwdata[23]
  m_apb_pwdata[24]
  m_apb_pwdata[25]
  m_apb_pwdata[26]
  m_apb_pwdata[27]
  m_apb_pwdata[28]
  m_apb_pwdata[29]
  m_apb_pwdata[2]
  m_apb_pwdata[30]
  m_apb_pwdata[31]
  m_apb_pwdata[3]
  m_apb_pwdata[4]
  m_apb_pwdata[5]
  m_apb_pwdata[6]
  m_apb_pwdata[7]
  m_apb_pwdata[8]
  m_apb_pwdata[9]
  m_apb_pwrite
  s_axi_bresp[0]
  s_axi_rresp[0]
  s_axi_rresp[1]
  _12074_/D
  _12075_/D
  _12076_/D
  _12077_/D
  _12078_/D
  _12080_/D
  _12081_/D
  _12082_/D
  _12083_/D
  _12084_/D
  _12085_/D
  _12086_/D
  _12087_/D
  _12088_/D
  _12089_/D
  _12090_/D
  _12091_/D
  _12092_/D
  _12093_/D
  _12094_/D
  _12095_/D
  _12096_/D
  _12097_/D
  _12098_/D
  _12099_/D
  _12100_/D
  _12101_/D
  _12102_/D
  _12103_/D
  _12104_/D
  _12105_/D
  _12106_/D
  _12107_/D
  _12108_/D
  _12109_/D
  _12110_/D
  _12111_/D
  _12112_/D
  _12118_/D
  _12119_/D
  _12120_/D
  _12121_/D
  _12122_/D
  _12123_/D
  _12124_/D
  _12125_/D
  _12126_/D
  _12127_/D
  _12128_/D
  _12129_/D
  _12130_/D
  _12131_/D
  _12132_/D
  _12272_/D
  _12273_/D
  _12274_/D
  _12275_/D
  _12276_/D
  _12277_/D
  _12278_/D
  _12279_/D
  _12280_/D
  _12281_/D
  _12282_/D
  _12283_/D
  _12284_/D
  _12285_/D
  _12286_/D
  _12287_/D
  _12288_/D
  _12289_/D
  _12290_/D
  _12291_/D
  _12292_/D
  _12293_/D
  _12294_/D
  _12295_/D
  _12296_/D
  _12297_/D
  _12298_/D
  _12299_/D
  _12300_/D
  _12301_/D
  _12302_/D
  _12303_/D
  _12304_/D
  _12305_/D
  _12306_/D
  _12307_/D
  _12308_/D
  _12309_/D
  _12310_/D
  _12311_/D
  _12312_/D
  _12313_/D
  _12314_/D
  _12315_/D
  _12316_/D
  _12317_/D
  _12318_/D
  _12319_/D
  _12320_/D
  _12321_/D
  _12322_/D
  _12323_/D
  _12324_/D
  _12325_/D
  _12326_/D
  _12327_/D
  _12328_/D
  _12329_/D
  _12330_/D
  _12331_/D
  _12332_/D
  _12333_/D
  _12334_/D
  _12335_/D
  _12336_/D
  _12337_/D
  _12338_/D
  _12339_/D
  _12340_/D
  _12341_/D
  _12342_/D
  _12343_/D
  _12344_/D
  _12345_/D
  _12346_/D
  _12347_/D
  _12348_/D
  _12349_/D
  _12350_/D
  _12351_/D
  _12352_/D
  _12353_/D
  _12354_/D
  _12355_/D
  _12356_/D
  _12357_/D
  _12358_/D
  _12359_/D
  _12360_/D
  _12361_/D
  _12362_/D
  _12363_/D
  _12364_/D
  _12365_/D
  _12366_/D
  _12367_/D
  _12368_/D
  _12369_/D
  _12370_/D
  _12371_/D
  _12372_/D
  _12373_/D
  _12374_/D
  _12375_/D
  _12376_/D
  _12377_/D
  _12378_/D
  _12379_/D
  _12380_/D
  _12381_/D
  _12382_/D
  _12383_/D
  _12384_/D
  _12385_/D
  _12386_/D
  _12387_/D
  _12388_/D
  _12389_/D
  _12390_/D
  _12391_/D
  _12392_/D
  _12393_/D
  _12394_/D
  _12395_/D
  _12396_/D
  _12397_/D
  _12398_/D
  _12399_/D
  _12400_/D
  _12401_/D
  _12402_/D
  _12403_/D
  _12404_/D
  _12405_/D
  _12406_/D
  _12407_/D
  _12408_/D
  _12409_/D
  _12410_/D
  _12411_/D
  _12412_/D
  _12413_/D
  _12414_/D
  _12415_/D
  _12416_/D
  _12417_/D
  _12418_/D
  _12419_/D
  _12420_/D
  _12421_/D
  _12422_/D
  _12423_/D
  _12424_/D
  _12425_/D
  _12426_/D
  _12427_/D
  _12428_/D
  _12429_/D
  _12430_/D
  _12431_/D
  _12432_/D
  _12433_/D
  _12434_/D
  _12435_/D
  _12436_/D
  _12437_/D
  _12438_/D
  _12439_/D
  _12440_/D
  _12441_/D
  _12442_/D
  _12443_/D
  _12444_/D
  _12445_/D
  _12446_/D
  _12447_/D
  _12448_/D
  _12449_/D
  _12450_/D
  _12451_/D
  _12452_/D
  _12453_/D
  _12454_/D
  _12455_/D
  _12456_/D
  _12457_/D
  _12458_/D
  _12459_/D
  _12460_/D
  _12461_/D
  _12462_/D
  _12463_/D
  _12464_/D
  _12465_/D
  _12466_/D
  _12467_/D
  _12468_/D
  _12469_/D
  _12470_/D
  _12471_/D
  _12472_/D
  _12473_/D
  _12474_/D
  _12475_/D
  _12476_/D
  _12477_/D
  _12478_/D
  _12479_/D
  _12480_/D
  _12481_/D
  _12482_/D
  _12483_/D
  _12484_/D
  _12485_/D
  _12486_/D
  _12487_/D
  _12488_/D
  _12489_/D
  _12490_/D
  _12491_/D
  _12492_/D
  _12493_/D
  _12494_/D
  _12495_/D
  _12496_/D
  _12497_/D
  _12498_/D
  _12499_/D
  _12500_/D
  _12501_/D
  _12502_/D
  _12503_/D
  _12504_/D
  _12505_/D
  _12506_/D
  _12507_/D
  _12508_/D
  _12509_/D
  _12510_/D
  _12511_/D
  _12512_/D
  _12513_/D
  _12514_/D
  _12515_/D
  _12516_/D
  _12517_/D
  _12518_/D
  _12519_/D
  _12520_/D
  _12521_/D
  _12522_/D
  _12523_/D
  _12524_/D
  _12525_/D
  _12526_/D
  _12527_/D
  _12528_/D
  _12529_/D
  _12530_/D
  _12531_/D
  _12532_/D
  _12533_/D
  _12534_/D
  _12535_/D
  _12536_/D
  _12537_/D
  _12538_/D
  _12539_/D
  _12540_/D
  _12541_/D
  _12542_/D
  _12543_/D
  _12544_/D
  _12545_/D
  _12546_/D
  _12547_/D
  _12548_/D
  _12549_/D
  _12550_/D
  _12551_/D
  _12552_/D
  _12553_/D
  _12554_/D
  _12555_/D
  _12556_/D
  _12557_/D
  _12558_/D
  _12559_/D
  _12560_/D
  _12561_/D
  _12562_/D
  _12563_/D
  _12564_/D
  _12565_/D
  _12566_/D
  _12567_/D
  _12568_/D
  _12569_/D
  _12570_/D
  _12571_/D
  _12572_/D
  _12573_/D
  _12574_/D
  _12575_/D
  _12576_/D
  _12577_/D
  _12578_/D
  _12579_/D
  _12580_/D
  _12581_/D
  _12582_/D
  _12583_/D
  _12584_/D
  _12585_/D
  _12586_/D
  _12587_/D
  _12588_/D
  _12589_/D
  _12590_/D
  _12591_/D
  _12592_/D
  _12593_/D
  _12594_/D
  _12595_/D
  _12596_/D
  _12597_/D
  _12598_/D
  _12599_/D
  _12600_/D
  _12601_/D
  _12602_/D
  _12603_/D
  _12604_/D
  _12605_/D
  _12606_/D
  _12607_/D
  _12608_/D
  _12609_/D
  _12610_/D
  _12611_/D
  _12612_/D
  _12613_/D
  _12614_/D
  _12615_/D
  _12616_/D
  _12617_/D
  _12618_/D
  _12619_/D
  _12620_/D
  _12621_/D
  _12622_/D
  _12623_/D
  _12624_/D
  _12625_/D
  _12626_/D
  _12627_/D
  _12628_/D
  _12629_/D
  _12630_/D
  _12631_/D
  _12632_/D
  _12633_/D
  _12634_/D
  _12635_/D
  _12636_/D
  _12637_/D
  _12638_/D
  _12639_/D
  _12640_/D
  _12641_/D
  _12642_/D
  _12643_/D
  _12644_/D
  _12645_/D
  _12646_/D
  _12647_/D
  _12648_/D
  _12649_/D
  _12650_/D
  _12651_/D
  _12652_/D
  _12653_/D
  _12654_/D
  _12655_/D
  _12656_/D
  _12657_/D
  _12658_/D
  _12659_/D
  _12660_/D
  _12666_/D
  _12667_/D
  _12668_/D
  _12669_/D
  _12670_/D
  _12672_/D
  _12673_/D
  _12674_/D
  _12675_/D
  _12676_/D
  _12677_/D
  _12678_/D
  _12679_/D
  _12680_/D
  _12681_/D
  _12687_/D
  _12688_/D
  _12689_/D
  _12690_/D
  _12691_/D
  _12692_/D
  _12693_/D
  _12694_/D
  _12695_/D
  _12696_/D
  _12697_/D
  _12698_/D
  _12699_/D
  _12700_/D
  _12701_/D
  _12702_/D
  _12703_/D
  _12704_/D
  _12705_/D
  _12706_/D
  _12707_/D
  _12708_/D
  _12709_/D
  _12710_/D
  _12711_/D
  _12712_/D
  _12713_/D
  _12714_/D
  _12715_/D
  _12716_/D
  _12717_/D
  _12718_/D
  _12719_/D
  _12720_/D
  _12721_/D
  _12722_/D
  _12723_/D
  _12724_/D
  _12725_/D
  _12726_/D
  _12727_/D
  _12728_/D
  _12729_/D
  _12730_/D
  _12731_/D
  _12732_/D
  _12733_/D
  _12734_/D
  _12735_/D
  _12736_/D
  _12737_/D
  _12738_/D
  _12739_/D
  _12740_/D
  _12741_/D
  _12742_/D
  _12743_/D
  _12744_/D
  _12745_/D
  _12746_/D
  _12747_/D
  _12748_/D
  _12749_/D
  _12750_/D
  _12751_/D
  _12752_/D
  _12753_/D
  _12754_/D
  _12755_/D
  _12764_/D
  _12765_/D
  _12766_/D
  _12767_/D
  _12768_/D
  _12769_/D
  _12770_/D
  _12771_/D
  _12772_/D
  _12773_/D
  _12774_/D
  _12775_/D
  _12776_/D
  _12777_/D
  _12778_/D
  _12779_/D
  _12780_/D
  _12781_/D
  _12782_/D
  _12783_/D
  _12784_/D
  _12785_/D
  _12786_/D
  _12787_/D
  _12788_/D
  _12789_/D
  _12790_/D
  _12791_/D
  _12792_/D
  _12793_/D
  _12794_/D
  _12795_/D
  _12796_/D
  _12797_/D
  _12798_/D
  _12799_/D
  _12800_/D
  _12801_/D
  _12802_/D
  _12803_/D
  _12804_/D
  _12805_/D
  _12806_/D
  _12807_/D
  _12808_/D
  _12809_/D
  _12810_/D
  _12811_/D
  _12812_/D
  _12813_/D
  _12814_/D
  _12815_/D
  _12816_/D
  _12817_/D
  _12818_/D
  _12819_/D
  _12820_/D
  _12821_/D
  _12822_/D
  _12823_/D
  _12824_/D
  _12825_/D
  _12826_/D
  _12827_/D
  _12828_/D
  _12829_/D
  _12830_/D
  _12831_/D
  _12832_/D
  _12833_/D
  _12834_/D
  _12835_/D
  _12836_/D
  _12837_/D
  _12838_/D
  _12839_/D
  _12840_/D
  _12841_/D
  _12842_/D
  _12843_/D
  _12844_/D
  _12845_/D
  _12846_/D
  _12847_/D
  _12848_/D
  _12849_/D
  _12850_/D
  _12851_/D
  _12852_/D
  _12853_/D
  _12854_/D
  _12855_/D
  _12856_/D
  _12857_/D
  _12858_/D
  _12859_/D
  _12860_/D
  _12861_/D
  _12862_/D
  _12863_/D
  _12864_/D
  _12865_/D
  _12866_/D
  _12867_/D
  _12868_/D
  _12869_/D
  _12870_/D
  _12871_/D
  _12872_/D
  _12873_/D
  _12874_/D
  _12875_/D
  _12876_/D
  _12877_/D
  _12878_/D
  _12879_/D
  _12880_/D
  _12881_/D
  _12882_/D
  _12883_/D
  _12884_/D
  _12885_/D
  _12886_/D
  _12887_/D
  _12888_/D
  _12889_/D
  _12890_/D
  _12891_/D
  _12892_/D
  _12893_/D
  _12894_/D
  _12895_/D
  _12896_/D
  _12897_/D
  _12898_/D
  _12899_/D
  _12900_/D
  _12901_/D
  _12902_/D
  _12903_/D
  _12904_/D
  _12905_/D
  _12906_/D
  _12907_/D
  _12908_/D
  _12909_/D
  _12910_/D
  _12911_/D
  _12912_/D
  _12913_/D
  _12914_/D
  _12915_/D
  _12916_/D
  _12917_/D
  _12918_/D
  _12919_/D
  _12920_/D
  _12921_/D
  _12922_/D
  _12923_/D
  _12924_/D
  _12925_/D
  _12926_/D
  _12927_/D
  _12928_/D
  _12929_/D
  _12930_/D
  _12931_/D
  _12932_/D
  _12933_/D
  _12934_/D
  _12935_/D
  _12936_/D
  _12937_/D
  _12938_/D
  _12939_/D
  _12940_/D
  _12941_/D
  _12942_/D
  _12943_/D
  _12944_/D
  _12945_/D
  _12946_/D
  _12947_/D
  _12948_/D
  _12949_/D
  _12950_/D
  _12951_/D
  _12952_/D
  _12953_/D
  _12954_/D
  _12955_/D
  _12956_/D
  _12957_/D
  _12958_/D
  _12959_/D
  _12960_/D
  _12961_/D
  _12962_/D
  _12963_/D
  _12964_/D
  _12965_/D
  _12966_/D
  _12967_/D
  _12968_/D
  _12969_/D
  _12970_/D
  _12971_/D
  _12972_/D
  _12973_/D
  _12974_/D
  _12975_/D
  _12976_/D
  _12977_/D
  _12978_/D
  _12979_/D
  _12980_/D
  _12981_/D
  _12982_/D
  _12983_/D
  _12984_/D
  _12985_/D
  _12986_/D
  _12987_/D
  _12988_/D
  _12989_/D
  _12990_/D
  _12991_/D
  _12992_/D
  _12993_/D
  _12994_/D
  _12995_/D
  _12996_/D
  _12997_/D
  _12998_/D
  _12999_/D
  _13000_/D
  _13001_/D
  _13002_/D
  _13003_/D
  _13004_/D
  _13005_/D
  _13006_/D
  _13007_/D
  _13008_/D
  _13009_/D
  _13010_/D
  _13011_/D
  _13012_/D
  _13013_/D
  _13014_/D
  _13015_/D
  _13016_/D
  _13017_/D
  _13018_/D
  _13019_/D
  _13020_/D
  _13021_/D
  _13022_/D
  _13023_/D
  _13024_/D
  _13025_/D
  _13026_/D
  _13027_/D
  _13028_/D
  _13029_/D
  _13030_/D
  _13031_/D
  _13032_/D
  _13033_/D
  _13034_/D
  _13035_/D
  _13036_/D
  _13037_/D
  _13038_/D
  _13039_/D
  _13040_/D
  _13041_/D
  _13042_/D
  _13043_/D
  _13044_/D
  _13077_/D
