Partial/Required:  6.74, Required:    400.0, Partial:  2697.99, Net: net322, Pin: output322/A, Layer: met3
Partial/Required:  3.21, Required:    400.0, Partial:  1285.67, Net: net362, Pin: output362/A, Layer: met2
Partial/Required:  1.91, Required:    400.0, Partial:   762.17, Net: net130, Pin: _10697_/A0, Layer: met2
Partial/Required:  1.83, Required:    400.0, Partial:   732.04, Net: net361, Pin: output361/A, Layer: met2
Partial/Required:  1.79, Required:    400.0, Partial:   716.67, Net: axi_slave_fsm_block.axi_awaddr_reg\[29\], Pin: _05608_/D_N, Layer: met1
Partial/Required:  1.65, Required:    400.0, Partial:   659.05, Net: net370, Pin: output370/A, Layer: met1
Partial/Required:  1.64, Required:    400.0, Partial:    656.0, Net: net139, Pin: _05791_/A0, Layer: met1
Partial/Required:  1.62, Required:    400.0, Partial:   649.16, Net: net380, Pin: output380/A, Layer: met2
Partial/Required:  1.59, Required:    400.0, Partial:   636.89, Net: net2043, Pin: _05691_/A, Layer: met1
Partial/Required:  1.59, Required:    400.0, Partial:   636.83, Net: net106, Pin: _10708_/A2, Layer: met2
Partial/Required:  1.54, Required:    400.0, Partial:   617.85, Net: net400, Pin: output400/A, Layer: met1
Partial/Required:  1.54, Required:    400.0, Partial:   617.12, Net: _03348_, Pin: _07188_/A, Layer: met1
Partial/Required:  1.36, Required:    400.0, Partial:   545.44, Net: _02462_, Pin: _05766_/C, Layer: met1
Partial/Required:  1.35, Required:    400.0, Partial:   540.61, Net: _02530_, Pin: _05887_/S, Layer: met1
Partial/Required:  1.26, Required:    400.0, Partial:   505.67, Net: _02392_, Pin: _05643_/B, Layer: met1
Partial/Required:  1.25, Required:    400.0, Partial:   501.45, Net: net481, Pin: fanout480/A, Layer: met1
Partial/Required:  1.23, Required:    400.0, Partial:   490.07, Net: _04541_, Pin: _10103_/A, Layer: met1
Partial/Required:  1.21, Required:    400.0, Partial:   485.72, Net: net11, Pin: _10702_/A3, Layer: met2
Partial/Required:  1.19, Required:    400.0, Partial:   477.78, Net: _04891_, Pin: _10082_/B, Layer: met1
Partial/Required:  1.17, Required:    400.0, Partial:   467.19, Net: _02346_, Pin: _06179_/A, Layer: met1
Partial/Required:  1.16, Required:    400.0, Partial:   465.78, Net: net42, Pin: _10678_/A0, Layer: met1
Partial/Required:  1.14, Required:    400.0, Partial:   455.33, Net: _04811_, Pin: _09994_/B, Layer: met1
Partial/Required:  1.12, Required:    400.0, Partial:   448.18, Net: net61, Pin: _10687_/A1, Layer: met1
Partial/Required:  1.10, Required:    400.0, Partial:   439.83, Net: net79, Pin: _10726_/A1, Layer: met2
Partial/Required:  1.05, Required:    400.0, Partial:   421.47, Net: _02929_, Pin: _06381_/B1, Layer: met1
Partial/Required:  1.05, Required:    400.0, Partial:   420.18, Net: net297, Pin: output297/A, Layer: met1
Partial/Required:  1.04, Required:    400.0, Partial:   415.56, Net: _02666_, Pin: _06439_/A0, Layer: met1
Partial/Required:  1.01, Required:    400.0, Partial:   402.89, Net: _04513_, Pin: _10220_/A, Layer: met3
Partial/Required:  1.01, Required:    400.0, Partial:   402.89, Net: _04513_, Pin: _10091_/A, Layer: met3
